------------------------------------------------------------
Timing Analyzer Summary
------------------------------------------------------------

Type  : Slow 1200mV 85C Model Setup 'clk'
Slack : 12.587
TNS   : 0.000

Type  : Slow 1200mV 85C Model Hold 'clk'
Slack : 0.226
TNS   : 0.000

Type  : Slow 1200mV 85C Model Recovery 'clk'
Slack : 17.805
TNS   : 0.000

Type  : Slow 1200mV 85C Model Removal 'clk'
Slack : 1.463
TNS   : 0.000

Type  : Slow 1200mV 85C Model Minimum Pulse Width 'clk'
Slack : 9.536
TNS   : 0.000

Type  : Slow 1200mV 0C Model Setup 'clk'
Slack : 13.264
TNS   : 0.000

Type  : Slow 1200mV 0C Model Hold 'clk'
Slack : 0.220
TNS   : 0.000

Type  : Slow 1200mV 0C Model Recovery 'clk'
Slack : 17.979
TNS   : 0.000

Type  : Slow 1200mV 0C Model Removal 'clk'
Slack : 1.334
TNS   : 0.000

Type  : Slow 1200mV 0C Model Minimum Pulse Width 'clk'
Slack : 9.556
TNS   : 0.000

Type  : Fast 1200mV 0C Model Setup 'clk'
Slack : 16.444
TNS   : 0.000

Type  : Fast 1200mV 0C Model Hold 'clk'
Slack : 0.101
TNS   : 0.000

Type  : Fast 1200mV 0C Model Recovery 'clk'
Slack : 18.931
TNS   : 0.000

Type  : Fast 1200mV 0C Model Removal 'clk'
Slack : 0.693
TNS   : 0.000

Type  : Fast 1200mV 0C Model Minimum Pulse Width 'clk'
Slack : 9.416
TNS   : 0.000

------------------------------------------------------------
