------------------------------------------------------------
Timing Analyzer Summary
------------------------------------------------------------

Type  : Slow 1200mV 85C Model Setup 'clk'
Slack : 12.551
TNS   : 0.000

Type  : Slow 1200mV 85C Model Hold 'clk'
Slack : 0.233
TNS   : 0.000

Type  : Slow 1200mV 85C Model Recovery 'clk'
Slack : 17.873
TNS   : 0.000

Type  : Slow 1200mV 85C Model Removal 'clk'
Slack : 1.384
TNS   : 0.000

Type  : Slow 1200mV 85C Model Minimum Pulse Width 'clk'
Slack : 9.535
TNS   : 0.000

Type  : Slow 1200mV 0C Model Setup 'clk'
Slack : 13.279
TNS   : 0.000

Type  : Slow 1200mV 0C Model Hold 'clk'
Slack : 0.224
TNS   : 0.000

Type  : Slow 1200mV 0C Model Recovery 'clk'
Slack : 18.037
TNS   : 0.000

Type  : Slow 1200mV 0C Model Removal 'clk'
Slack : 1.263
TNS   : 0.000

Type  : Slow 1200mV 0C Model Minimum Pulse Width 'clk'
Slack : 9.558
TNS   : 0.000

Type  : Fast 1200mV 0C Model Setup 'clk'
Slack : 16.377
TNS   : 0.000

Type  : Fast 1200mV 0C Model Hold 'clk'
Slack : 0.104
TNS   : 0.000

Type  : Fast 1200mV 0C Model Recovery 'clk'
Slack : 18.979
TNS   : 0.000

Type  : Fast 1200mV 0C Model Removal 'clk'
Slack : 0.660
TNS   : 0.000

Type  : Fast 1200mV 0C Model Minimum Pulse Width 'clk'
Slack : 9.416
TNS   : 0.000

------------------------------------------------------------
