------------------------------------------------------------
Timing Analyzer Summary
------------------------------------------------------------

Type  : Slow 1200mV 85C Model Setup 'clk'
Slack : 12.795
TNS   : 0.000

Type  : Slow 1200mV 85C Model Hold 'clk'
Slack : 0.213
TNS   : 0.000

Type  : Slow 1200mV 85C Model Recovery 'clk'
Slack : 18.118
TNS   : 0.000

Type  : Slow 1200mV 85C Model Removal 'clk'
Slack : 1.163
TNS   : 0.000

Type  : Slow 1200mV 85C Model Minimum Pulse Width 'clk'
Slack : 9.535
TNS   : 0.000

Type  : Slow 1200mV 0C Model Setup 'clk'
Slack : 13.415
TNS   : 0.000

Type  : Slow 1200mV 0C Model Hold 'clk'
Slack : 0.209
TNS   : 0.000

Type  : Slow 1200mV 0C Model Recovery 'clk'
Slack : 18.270
TNS   : 0.000

Type  : Slow 1200mV 0C Model Removal 'clk'
Slack : 1.063
TNS   : 0.000

Type  : Slow 1200mV 0C Model Minimum Pulse Width 'clk'
Slack : 9.556
TNS   : 0.000

Type  : Fast 1200mV 0C Model Setup 'clk'
Slack : 16.496
TNS   : 0.000

Type  : Fast 1200mV 0C Model Hold 'clk'
Slack : 0.092
TNS   : 0.000

Type  : Fast 1200mV 0C Model Recovery 'clk'
Slack : 19.101
TNS   : 0.000

Type  : Fast 1200mV 0C Model Removal 'clk'
Slack : 0.549
TNS   : 0.000

Type  : Fast 1200mV 0C Model Minimum Pulse Width 'clk'
Slack : 9.411
TNS   : 0.000

------------------------------------------------------------
